// Jest Snapshot v1, https://goo.gl/fbAQLP

exports[`config reducer has an initial state 1`] = `
Object {
  "apiUrl": "",
  "appName": "",
  "appVersion": "",
  "sentryUrl": "",
}
`;
